﻿.next/dev/types/validator.ts(278,39): error TS2306: File 'C:/Users/uveys/OneDrive/Masa├╝st├╝/ProjeMoffi1/MoffiVercel/src/app/production-studio/page.tsx' is not a module.
.next/types/validator.ts(188,39): error TS2307: Cannot find module '../../src/app/community-demo/page.js' or its corresponding type declarations.
.next/types/validator.ts(287,39): error TS2306: File 'C:/Users/uveys/OneDrive/Masa├╝st├╝/ProjeMoffi1/MoffiVercel/src/app/production-studio/page.tsx' is not a module.
src/app/actions/ai.ts(29,21): error TS18048: 'response.data' is possibly 'undefined'.
src/app/ai-dressing/page.tsx(93,13): error TS2339: Property 'addMoffiPoints' does not exist on type 'SocialContextType'.
src/app/api/chat/route.ts(38,21): error TS2741: Property 'defaultObjectGenerationMode' is missing in type 'LanguageModelV2' but required in type 'LanguageModelV1'.
src/app/api/chat/route.ts(72,13): error TS2741: Property 'defaultObjectGenerationMode' is missing in type 'LanguageModelV2' but required in type 'LanguageModelV1'.
src/app/business/dashboard/page_backup.tsx(157,26): error TS2739: Type '{}' is missing the following properties from type 'AnalyticsChartProps': data, labels
src/app/profile/page.tsx(160,50): error TS2345: Argument of type 'string' is not assignable to parameter of type 'SetStateAction<"posts" | "orders" | "wallet" | "passport" | "family">'.
src/app/studio-sandbox-3/page.tsx(196,149): error TS2304: Cannot find name 'ProductSource'.
src/app/studio-sandbox-3/page.tsx(354,113): error TS7053: Element implicitly has an 'any' type because expression of type 'ProductSource' can't be used to index type '{ none: string; user: string; store: string; }'.
src/app/studio-sandbox-3/page.tsx(354,135): error TS7053: Element implicitly has an 'any' type because expression of type 'ProductSource' can't be used to index type '{ none: string; user: string; store: string; }'.
src/app/studio-sandbox-3/page.tsx(375,56): error TS2304: Cannot find name 'ProductSource'.
src/app/studio-sandbox-3/page.tsx(572,81): error TS2304: Cannot find name 'ProductSource'.
src/app/studio/design/page.tsx(14,23): error TS18047: 'searchParams' is possibly 'null'.
src/app/studio/design/page.tsx(15,21): error TS18047: 'searchParams' is possibly 'null'.
src/app/walk/history/page.tsx(18,13): error TS2339: Property 'currentUser' does not exist on type 'SocialContextType'.
src/app/walk/summary/page.tsx(29,13): error TS2339: Property 'currentUser' does not exist on type 'SocialContextType'.
src/app/walk/summary/page.tsx(35,45): error TS7006: Parameter 'w' implicitly has an 'any' type.
src/app/walk/tracking/page.tsx(140,41): error TS2353: Object literal may only specify known properties, and 'distanceFilter' does not exist in type 'PositionOptions'.
src/components/common/MoffiWallet.tsx(13,13): error TS2339: Property 'economy' does not exist on type 'SocialContextType'.
src/components/common/MoffiWallet.tsx(83,47): error TS7006: Parameter 'tx' implicitly has an 'any' type.
src/components/food/DietSetupWizard.tsx(106,17): error TS2741: Property 'species' is missing in type '{ weight: number; age: number; activity: string; breed: string; bcs: string; allergies: string[]; }' but required in type '{ weight: number; age: number; activity: string; breed: string; species: "dog" | "cat"; bcs: string; allergies: string[]; }'.
src/components/game/MoffiJumpGame.tsx(31,24): error TS2554: Expected 1 arguments, but got 0.
src/components/game/MoffiModel3D.tsx(404,24): error TS2556: A spread argument must either have a tuple type or be passed to a rest parameter.
src/components/game/MoffiModel3D.tsx(405,24): error TS2556: A spread argument must either have a tuple type or be passed to a rest parameter.
src/components/game/VetEscapeGame.tsx(148,49): error TS2322: Type 'Group<Object3DEventMap> | null' is not assignable to type 'Object3D<Object3DEventMap> | Readonly<Object3D<Object3DEventMap> | undefined>'.
  Type 'null' is not assignable to type 'Object3D<Object3DEventMap> | Readonly<Object3D<Object3DEventMap> | undefined>'.
src/components/studio/editor/Slider.tsx(21,36): error TS2322: Type 'string' is not assignable to type 'never'.
src/components/studio/v2/StudioLayout.tsx(17,23): error TS18047: 'searchParams' is possibly 'null'.
src/components/studio/v4/StudioCanvas.tsx(223,21): error TS2322: Type '(input: HTMLInputElement | null) => void | null' is not assignable to type 'Ref<HTMLInputElement> | undefined'.
  Type '(input: HTMLInputElement | null) => void | null' is not assignable to type '(instance: HTMLInputElement | null) => void | (() => VoidOrUndefinedOnly)'.
    Type 'void | null' is not assignable to type 'void | (() => VoidOrUndefinedOnly)'.
      Type 'null' is not assignable to type 'void | (() => VoidOrUndefinedOnly)'.
src/components/walk/HeroSection.tsx(7,13): error TS2339: Property 'currentUser' does not exist on type 'SocialContextType'.
src/components/walk/SettingsDrawer.tsx(13,13): error TS2339: Property 'theme' does not exist on type 'SocialContextType'.
src/components/walk/SettingsDrawer.tsx(13,20): error TS2339: Property 'toggleTheme' does not exist on type 'SocialContextType'.
src/components/walk/SettingsDrawer.tsx(13,33): error TS2339: Property 'logout' does not exist on type 'SocialContextType'.
src/components/walk/WalkDeals.tsx(5,23): error TS2305: Module '"@/services/WalkService"' has no exported member 'WalkDeal'.
src/components/walk/WalkDeals.tsx(14,48): error TS2339: Property 'getNearbyDeals' does not exist on type 'WalkService'.
src/components/walk/WalkMoments.tsx(25,31): error TS2339: Property 'content' does not exist on type 'Post'.
src/components/walk/WalkMoments.tsx(25,64): error TS2339: Property 'content' does not exist on type 'Post'.
src/components/walk/WalkMoments.tsx(26,44): error TS2339: Property 'content' does not exist on type 'Post'.
src/components/walk/WalkMoments.tsx(41,112): error TS2339: Property 'user' does not exist on type 'Post'.
src/components/walk/WalkMoments.tsx(44,107): error TS2339: Property 'content' does not exist on type 'Post'.
src/components/walk/WalkMoments.tsx(49,31): error TS2339: Property 'content' does not exist on type 'Post'.
src/hooks/useMemory.ts(34,17): error TS2353: Object literal may only specify known properties, and 'title' does not exist in type 'DailyMemory'.
src/hooks/useVaccineSchedule.ts(2,10): error TS2724: '"@/services/interfaces"' has no exported member named 'IVaccineService'. Did you mean 'IVetService'?
src/hooks/useVaccineSchedule.ts(33,63): error TS7006: Parameter 'rec' implicitly has an 'any' type.
src/hooks/useVaccineSchedule.ts(34,52): error TS7006: Parameter 'd' implicitly has an 'any' type.
src/services/ai/DalleService.ts(34,20): error TS18048: 'response.data' is possibly 'undefined'.
src/services/mock/VaccineMockService.ts(1,10): error TS2724: '"../interfaces"' has no exported member named 'IVaccineService'. Did you mean 'IVetService'?
