src/app/community/page.tsx(3,8): error TS1259: Module '"C:/Users/uveys/OneDrive/Masa\u00FCst\u00FC/ProjeMoffi1/MoffiVercel/node_modules/@types/react/index"' can only be default-imported using the 'esModuleInterop' flag
src/app/community/page.tsx(30,28): error TS2307: Cannot find module '@/components/community/ProfileTab' or its corresponding type declarations.
src/app/community/page.tsx(31,31): error TS2307: Cannot find module '@/components/vet/VetQuickSheet' or its corresponding type declarations.
src/app/community/page.tsx(32,32): error TS2307: Cannot find module '@/components/walk/WalkQuickSheet' or its corresponding type declarations.
src/app/community/page.tsx(33,34): error TS2307: Cannot find module '@/components/shop/MarketQuickSheet' or its corresponding type declarations.
src/app/community/page.tsx(34,34): error TS2307: Cannot find module '@/components/studio/StudioQuickSheet' or its corresponding type declarations.
src/app/community/page.tsx(35,32): error TS2307: Cannot find module '@/components/game/GameQuickSheet' or its corresponding type declarations.
src/app/community/page.tsx(36,29): error TS2307: Cannot find module '@/components/common/PetSwitcher' or its corresponding type declarations.
src/app/community/page.tsx(37,24): error TS2307: Cannot find module '@/context/PetContext' or its corresponding type declarations.
src/app/community/page.tsx(38,33): error TS2307: Cannot find module '@/components/community/EcosystemPortal' or its corresponding type declarations.
src/app/community/page.tsx(39,33): error TS2307: Cannot find module '@/components/community/ActionHubDrawer' or its corresponding type declarations.
src/app/community/page.tsx(40,33): error TS2307: Cannot find module '@/components/community/SpotlightSearch' or its corresponding type declarations.
src/app/community/page.tsx(45,8): error TS2307: Cannot find module '@/lib/mockData' or its corresponding type declarations.
src/app/community/page.tsx(841,46): error TS2345: Argument of type 'unknown' is not assignable to parameter of type 'Blob | MediaSource'.
src/app/community/page.tsx(843,30): error TS2345: Argument of type '(prev: { file: File; preview: string; }[]) => { file: unknown; preview: string; }[]' is not assignable to parameter of type 'SetStateAction<{ file: File; preview: string; }[]>'.
  Type '(prev: { file: File; preview: string; }[]) => { file: unknown; preview: string; }[]' is not assignable to type '(prevState: { file: File; preview: string; }[]) => { file: File; preview: string; }[]'.
    Type '{ file: unknown; preview: string; }[]' is not assignable to type '{ file: File; preview: string; }[]'.
      Type '{ file: unknown; preview: string; }' is not assignable to type '{ file: File; preview: string; }'.
        Types of property 'file' are incompatible.
          Type '{}' is missing the following properties from type 'File': lastModified, name, webkitRelativePath, size, and 6 more.
src/app/community/page.tsx(2783,102): error TS2345: Argument of type 'unknown' is not assignable to parameter of type 'Blob | MediaSource'.
src/app/community/page.tsx(2785,85): error TS2345: Argument of type '(prev: { file: File; preview: string; }[]) => { file: unknown; preview: string; }[]' is not assignable to parameter of type 'SetStateAction<{ file: File; preview: string; }[]>'.
  Type '(prev: { file: File; preview: string; }[]) => { file: unknown; preview: string; }[]' is not assignable to type '(prevState: { file: File; preview: string; }[]) => { file: File; preview: string; }[]'.
    Type '{ file: unknown; preview: string; }[]' is not assignable to type '{ file: File; preview: string; }[]'.
      Type '{ file: unknown; preview: string; }' is not assignable to type '{ file: File; preview: string; }'.
        Types of property 'file' are incompatible.
          Type '{}' is missing the following properties from type 'File': lastModified, name, webkitRelativePath, size, and 6 more.
src/app/community/page.tsx(3912,78): error TS2345: Argument of type 'unknown' is not assignable to parameter of type 'Blob | MediaSource'.
src/app/community/page.tsx(3914,66): error TS2345: Argument of type '(prev: { file: File; preview: string; }[]) => { file: unknown; preview: string; }[]' is not assignable to parameter of type 'SetStateAction<{ file: File; preview: string; }[]>'.
  Type '(prev: { file: File; preview: string; }[]) => { file: unknown; preview: string; }[]' is not assignable to type '(prevState: { file: File; preview: string; }[]) => { file: File; preview: string; }[]'.
    Type '{ file: unknown; preview: string; }[]' is not assignable to type '{ file: File; preview: string; }[]'.
      Type '{ file: unknown; preview: string; }' is not assignable to type '{ file: File; preview: string; }'.
        Types of property 'file' are incompatible.
          Type '{}' is missing the following properties from type 'File': lastModified, name, webkitRelativePath, size, and 6 more.
src/components/ai/MoffiAssistant.tsx(8,20): error TS2307: Cannot find module '@/lib/utils' or its corresponding type declarations.
src/components/ai/MoffiAssistant.tsx(9,25): error TS2307: Cannot find module 'ai/react' or its corresponding type declarations.
  There are types at 'C:/Users/uveys/OneDrive/Masa├╝st├╝/ProjeMoffi1/MoffiVercel/node_modules/ai/react/dist/index.d.ts', but this result could not be resolved under your current 'moduleResolution' setting. Consider updating to 'node16', 'nodenext', or 'bundler'.
src/components/auth/AuthModal.tsx(3,8): error TS1259: Module '"C:/Users/uveys/OneDrive/Masa\u00FCst\u00FC/ProjeMoffi1/MoffiVercel/node_modules/@types/react/index"' can only be default-imported using the 'esModuleInterop' flag
src/components/auth/AuthModal.tsx(5,26): error TS2307: Cannot find module '@/lib/supabase' or its corresponding type declarations.
src/components/auth/AuthModal.tsx(7,20): error TS2307: Cannot find module '@/lib/utils' or its corresponding type declarations.
src/components/auth/AuthModal.tsx(9,25): error TS2307: Cannot find module '@/context/AuthContext' or its corresponding type declarations.
src/components/common/PetSwitcher.tsx(3,8): error TS1259: Module '"C:/Users/uveys/OneDrive/Masa\u00FCst\u00FC/ProjeMoffi1/MoffiVercel/node_modules/@types/react/index"' can only be default-imported using the 'esModuleInterop' flag
src/components/common/PetSwitcher.tsx(5,24): error TS2307: Cannot find module '@/context/PetContext' or its corresponding type declarations.
src/components/common/PetSwitcher.tsx(6,20): error TS2307: Cannot find module '@/lib/utils' or its corresponding type declarations.
src/components/community/HubOverlay.tsx(3,8): error TS1259: Module '"C:/Users/uveys/OneDrive/Masa\u00FCst\u00FC/ProjeMoffi1/MoffiVercel/node_modules/@types/react/index"' can only be default-imported using the 'esModuleInterop' flag
src/components/community/HubOverlay.tsx(9,20): error TS2307: Cannot find module '@/lib/utils' or its corresponding type declarations.
src/components/community/ImmersivePostCard.tsx(3,8): error TS1259: Module '"C:/Users/uveys/OneDrive/Masa\u00FCst\u00FC/ProjeMoffi1/MoffiVercel/node_modules/@types/react/index"' can only be default-imported using the 'esModuleInterop' flag
src/components/community/ImmersivePostCard.tsx(13,27): error TS2307: Cannot find module '@/context/SocialContext' or its corresponding type declarations.
src/components/community/ImmersivePostCard.tsx(14,20): error TS2307: Cannot find module '@/lib/utils' or its corresponding type declarations.
src/components/community/ImmersivePostCard.tsx(523,45): error TS2322: Type '{ key: any; comment: any; onLike: (cid: string) => void; onReply: (target: any) => void; onEdit: (target: any) => void; onDelete: (cid: string) => void; onReport: (cid: string) => void; }' is not assignable to type '{ comment: any; onLike: (commentId: string) => void; onReply: (comment: any) => void; onEdit: (comment: any) => void; onDelete: (commentId: string) => void; onReport: (commentId: string) => void; isReply?: boolean; }'.
  Property 'key' does not exist on type '{ comment: any; onLike: (commentId: string) => void; onReply: (comment: any) => void; onEdit: (comment: any) => void; onDelete: (commentId: string) => void; onReport: (commentId: string) => void; isReply?: boolean; }'.
src/components/community/ImmersivePostCard.tsx(951,37): error TS2322: Type '{ key: any; comment: any; onLike: (commentId: string) => void; onReply: (comment: any) => void; onEdit: (comment: any) => void; onDelete: (commentId: string) => void; onReport: (commentId: string) => void; isReply: true; }' is not assignable to type '{ comment: any; onLike: (commentId: string) => void; onReply: (comment: any) => void; onEdit: (comment: any) => void; onDelete: (commentId: string) => void; onReport: (commentId: string) => void; isReply?: boolean; }'.
  Property 'key' does not exist on type '{ comment: any; onLike: (commentId: string) => void; onReply: (comment: any) => void; onEdit: (comment: any) => void; onDelete: (commentId: string) => void; onReport: (commentId: string) => void; isReply?: boolean; }'.
src/components/community/NotificationsDrawer.tsx(3,8): error TS1259: Module '"C:/Users/uveys/OneDrive/Masa\u00FCst\u00FC/ProjeMoffi1/MoffiVercel/node_modules/@types/react/index"' can only be default-imported using the 'esModuleInterop' flag
src/components/community/NotificationsDrawer.tsx(6,20): error TS2307: Cannot find module '@/lib/utils' or its corresponding type declarations.
src/components/community/ShareSheet.tsx(3,8): error TS1259: Module '"C:/Users/uveys/OneDrive/Masa\u00FCst\u00FC/ProjeMoffi1/MoffiVercel/node_modules/@types/react/index"' can only be default-imported using the 'esModuleInterop' flag
src/components/community/ShareSheet.tsx(11,20): error TS2307: Cannot find module '@/lib/utils' or its corresponding type declarations.
src/components/community/ShareSheet.tsx(12,27): error TS2307: Cannot find module '@/context/SocialContext' or its corresponding type declarations.
src/components/profile/PetSettingsModal.tsx(11,20): error TS2307: Cannot find module '@/lib/utils' or its corresponding type declarations.
src/components/profile/SOSCommandCenter.tsx(3,8): error TS1259: Module '"C:/Users/uveys/OneDrive/Masa\u00FCst\u00FC/ProjeMoffi1/MoffiVercel/node_modules/@types/react/index"' can only be default-imported using the 'esModuleInterop' flag
src/components/profile/SOSCommandCenter.tsx(11,20): error TS2307: Cannot find module '@/lib/utils' or its corresponding type declarations.
src/context/AuthContext.tsx(3,8): error TS1259: Module '"C:/Users/uveys/OneDrive/Masa\u00FCst\u00FC/ProjeMoffi1/MoffiVercel/node_modules/@types/react/index"' can only be default-imported using the 'esModuleInterop' flag
src/context/AuthContext.tsx(4,26): error TS2307: Cannot find module '@/lib/supabase' or its corresponding type declarations.
src/context/ThemeContext.tsx(3,8): error TS1259: Module '"C:/Users/uveys/OneDrive/Masa\u00FCst\u00FC/ProjeMoffi1/MoffiVercel/node_modules/@types/react/index"' can only be default-imported using the 'esModuleInterop' flag
